   PatientID Modality                              SeriesInstanceUID           SeriesDescription  series_size_MB
0      VHP-F       XC       1.3.6.1.4.1.5962.1.3.0.1.1677425356.1733  Fullcolor - direct digital    38753.287364
1      VHP-F       XC       1.3.6.1.4.1.5962.1.3.0.2.1677425356.1733       70mm film - digitized   195185.148264
2      VHP-F       MR  1.3.6.1.4.1.5962.1.3.2716.10.1672334394.26545            T1 CORONAL CHEST       17.289554
3      VHP-F       MR  1.3.6.1.4.1.5962.1.3.2716.12.1672334394.26545            T1 CORONAL CHEST        6.516804
4      VHP-F       MR  1.3.6.1.4.1.5962.1.3.2716.13.1672334394.26545               T2 COR PELVIS       18.087406
5      VHP-F       MR  1.3.6.1.4.1.5962.1.3.2716.15.1672334394.26545                 T1 COR LEGS        4.521728
6      VHP-F       MR  1.3.6.1.4.1.5962.1.3.2716.16.1672334394.26545                 T2 COR LEGS        9.043456
7      VHP-F       MR  1.3.6.1.4.1.5962.1.3.2716.18.1672334394.26545                 T1 COR FEET        6.915526
8      VHP-F       MR  1.3.6.1.4.1.5962.1.3.2716.19.1672334394.26545                 T2 COR FEET       13.831082
9      VHP-F       MR   1.3.6.1.4.1.5962.1.3.2716.2.1672334394.26545                    AXIAL T2        8.777304
10     VHP-F       MR   1.3.6.1.4.1.5962.1.3.2716.3.1672334394.26545                    T1 AXIAL        4.388506
11     VHP-F       MR   1.3.6.1.4.1.5962.1.3.2716.6.1672334394.26545             T2 CORONAL NECK       16.757906
12     VHP-F       MR   1.3.6.1.4.1.5962.1.3.2716.7.1672334394.26545             T1 CORONAL NECK        7.979426
13     VHP-F       MR   1.3.6.1.4.1.5962.1.3.2716.9.1672334394.26545            T1 CORONAL CHEST        8.644388
14     VHP-F       CT    1.3.6.1.4.1.5962.1.3.370.2.1672334394.26545               AXIAL 1X1 NCE      518.196086
15     VHP-F       CT    1.3.6.1.4.1.5962.1.3.371.2.1672334394.26545    1X1 AXIAL FEMUR-TOES NCE      394.046838
16     VHP-M       XC      1.3.6.1.4.1.5962.1.3.0.1.1672334394.26545  Fullcolor - direct digital    14033.508996
17     VHP-M       XC      1.3.6.1.4.1.5962.1.3.0.2.1672334394.26545       70mm film - digitized    62078.084874
18     VHP-M       CT   1.3.6.1.4.1.5962.1.3.1174.2.1672334394.26545                         NaN      219.374434
19     VHP-M       CT   1.3.6.1.4.1.5962.1.3.1174.5.1672334394.26545                         NaN       54.711884
20     VHP-M       MR  1.3.6.1.4.1.5962.1.3.2297.10.1672334394.26545            T2 CORONAL CHEST       18.616774
21     VHP-M       MR  1.3.6.1.4.1.5962.1.3.2297.13.1672334394.26545           T1 CORONAL PELVIS        9.839780
22     VHP-M       MR  1.3.6.1.4.1.5962.1.3.2297.14.1672334394.26545           T2 CORONAL PELVIS       13.032042
23     VHP-M       MR  1.3.6.1.4.1.5962.1.3.2297.18.1672334394.26545             T1 CORONAL KNEE        5.983510
24     VHP-M       MR  1.3.6.1.4.1.5962.1.3.2297.19.1672334394.26545            T2 CORONAL KNEES       11.967740
25     VHP-M       MR   1.3.6.1.4.1.5962.1.3.2297.2.1672334394.26545                    AXIAL T2        8.775852
26     VHP-M       MR  1.3.6.1.4.1.5962.1.3.2297.21.1672334394.26545            T1 CORONAL ANKLE        7.446208
27     VHP-M       MR  1.3.6.1.4.1.5962.1.3.2297.22.1672334394.26545            T2 CORONAL ANKLE       14.892942
28     VHP-M       MR   1.3.6.1.4.1.5962.1.3.2297.3.1672334394.26545                    T1 AXIAL        4.387776
29     VHP-M       MR   1.3.6.1.4.1.5962.1.3.2297.6.1672334394.26545                  T1 CORONAL        8.376514
30     VHP-M       MR   1.3.6.1.4.1.5962.1.3.2297.7.1672334394.26545             T2 CORONAL NECK       16.754378
31     VHP-M       MR   1.3.6.1.4.1.5962.1.3.2297.9.1672334394.26545            T1 CORONAL CHEST        9.307388
32     VHP-M       CT     1.3.6.1.4.1.5962.1.3.32.4.1672334394.26545                         NaN      443.999470
33     VHP-M       CT     1.3.6.1.4.1.5962.1.3.34.3.1672334394.26545                         NaN      425.587214
34     VHP-M       CT    1.3.6.1.4.1.5962.1.3.646.2.1672334394.26545                   AXIAL 1X1      117.841920
35     VHP-M       CT    1.3.6.1.4.1.5962.1.3.998.1.1672334394.26545                         NaN        0.939762
36     VHP-M       CT    1.3.6.1.4.1.5962.1.3.999.1.1672334394.26545                         NaN        0.858868
37     VHP-M       CT    1.3.6.1.4.1.5962.1.3.999.4.1672334394.26545                         NaN        0.872174
38     VHP-M       CT    1.3.6.1.4.1.5962.1.3.999.6.1672334394.26545                         NaN        1.010408
